Hello from Sentinel test commit!